// Jest Snapshot v1, https://goo.gl/fbAQLP

exports[`<OrderBy /> should match snapshot 1`] = `
<DocumentFragment>
  <div
    style="position: absolute; width: 0px; height: 0px; visibility: hidden; display: none;"
  />
  <div
    class="gallery flex flex-row flex-wrap items-stretch pa3 bn mh4"
  >
    <div
      class="galleryItem"
      style="flex-basis: 20%; max-width: 20%;"
    >
      <div>
         Extension Point 
      </div>
    </div>
    <div
      class="galleryItem"
      style="flex-basis: 20%; max-width: 20%;"
    >
      <div>
         Extension Point 
      </div>
    </div>
    <div
      class="galleryItem"
      style="flex-basis: 20%; max-width: 20%;"
    >
      <div>
         Extension Point 
      </div>
    </div>
    <div
      class="galleryItem"
      style="flex-basis: 20%; max-width: 20%;"
    >
      <div>
         Extension Point 
      </div>
    </div>
    <div
      class="galleryItem"
      style="flex-basis: 20%; max-width: 20%;"
    >
      <div>
         Extension Point 
      </div>
    </div>
    <div
      class="galleryItem"
      style="flex-basis: 20%; max-width: 20%;"
    >
      <div>
         Extension Point 
      </div>
    </div>
    <div
      class="galleryItem"
      style="flex-basis: 20%; max-width: 20%;"
    >
      <div>
         Extension Point 
      </div>
    </div>
    <div
      class="galleryItem"
      style="flex-basis: 20%; max-width: 20%;"
    >
      <div>
         Extension Point 
      </div>
    </div>
  </div>
</DocumentFragment>
`;
